
> boilerplate@0.0.0 lint
> eslint . --quiet


C:\Node.Js\boilerplate\scripts\architectural\check-storybook-coverage.js
   39:5   error  'console' is not defined  no-undef
   72:5   error  'console' is not defined  no-undef
  114:3   error  'console' is not defined  no-undef
  115:3   error  'console' is not defined  no-undef
  116:3   error  'console' is not defined  no-undef
  117:3   error  'console' is not defined  no-undef
  122:3   error  'console' is not defined  no-undef
  123:3   error  'console' is not defined  no-undef
  153:37  error  'process' is not defined  no-undef
  165:3   error  'console' is not defined  no-undef
  166:3   error  'console' is not defined  no-undef
  169:5   error  'console' is not defined  no-undef
  173:3   error  'console' is not defined  no-undef
  176:5   error  'console' is not defined  no-undef
  177:5   error  'console' is not defined  no-undef
  178:5   error  'console' is not defined  no-undef
  181:3   error  'console' is not defined  no-undef
  182:3   error  'console' is not defined  no-undef
  183:3   error  'console' is not defined  no-undef
  184:3   error  'console' is not defined  no-undef
  185:3   error  'console' is not defined  no-undef
  186:3   error  'console' is not defined  no-undef
  187:3   error  'console' is not defined  no-undef
  188:3   error  'console' is not defined  no-undef
  189:3   error  'console' is not defined  no-undef
  190:3   error  'console' is not defined  no-undef
  197:1   error  'process' is not defined  no-undef

C:\Node.Js\boilerplate\scripts\architectural\validate-architecture.js
   30:3   error  'console' is not defined           no-undef
   31:3   error  'console' is not defined           no-undef
   32:3   error  'console' is not defined           no-undef
   33:3   error  'console' is not defined           no-undef
   34:3   error  'console' is not defined           no-undef
   38:3   error  'console' is not defined           no-undef
   39:3   error  'console' is not defined           no-undef
   44:5   error  'console' is not defined           no-undef
   46:5   error  'console' is not defined           no-undef
   48:12  error  'error' is defined but never used  @typescript-eslint/no-unused-vars
   49:5   error  'console' is not defined           no-undef
   85:3   error  'console' is not defined           no-undef
   86:3   error  'console' is not defined           no-undef
   87:3   error  'console' is not defined           no-undef
   91:3   error  'console' is not defined           no-undef
   92:3   error  'console' is not defined           no-undef
   93:3   error  'console' is not defined           no-undef
   96:5   error  'console' is not defined           no-undef
   97:5   error  'console' is not defined           no-undef
   98:5   error  'console' is not defined           no-undef
   99:5   error  'console' is not defined           no-undef
  100:5   error  'console' is not defined           no-undef
  101:5   error  'console' is not defined           no-undef
  102:5   error  'console' is not defined           no-undef
  104:5   error  'console' is not defined           no-undef
  105:5   error  'console' is not defined           no-undef
  106:5   error  'console' is not defined           no-undef
  107:5   error  'console' is not defined           no-undef
  108:5   error  'console' is not defined           no-undef
  109:5   error  'console' is not defined           no-undef
  110:5   error  'console' is not defined           no-undef
  113:3   error  'process' is not defined           no-undef

C:\Node.Js\boilerplate\scripts\validate-storybook-coverage.js
   36:5  error  'console' is not defined  no-undef
   75:5  error  'console' is not defined  no-undef
  131:3  error  'console' is not defined  no-undef
  137:3  error  'console' is not defined  no-undef
  138:3  error  'console' is not defined  no-undef
  149:5  error  'console' is not defined  no-undef
  151:7  error  'console' is not defined  no-undef
  152:7  error  'console' is not defined  no-undef
  153:7  error  'console' is not defined  no-undef
  157:5  error  'console' is not defined  no-undef
  161:5  error  'console' is not defined  no-undef
  163:7  error  'console' is not defined  no-undef
  164:7  error  'console' is not defined  no-undef
  166:5  error  'console' is not defined  no-undef
  170:5  error  'console' is not defined  no-undef
  171:5  error  'console' is not defined  no-undef
  172:5  error  'console' is not defined  no-undef
  173:5  error  'console' is not defined  no-undef
  174:5  error  'console' is not defined  no-undef
  176:5  error  'console' is not defined  no-undef
  182:3  error  'console' is not defined  no-undef
  183:3  error  'console' is not defined  no-undef
  184:3  error  'console' is not defined  no-undef
  185:3  error  'console' is not defined  no-undef
  186:3  error  'console' is not defined  no-undef
  190:5  error  'console' is not defined  no-undef
  191:5  error  'console' is not defined  no-undef
  192:5  error  'console' is not defined  no-undef
  193:5  error  'process' is not defined  no-undef
  196:3  error  'console' is not defined  no-undef
  197:3  error  'process' is not defined  no-undef

C:\Node.Js\boilerplate\src\app\App.tsx
  11:8  error  'AuthRoute' is defined but never used. Allowed unused vars must match /^_/u  @typescript-eslint/no-unused-vars

C:\Node.Js\boilerplate\src\app\Modules\public\Auth\components\form\ChangeEmail.tsx
  49:28  error  'body' is assigned a value but never used. Allowed unused vars must match /^_/u  @typescript-eslint/no-unused-vars

C:\Node.Js\boilerplate\src\app\Modules\public\Auth\components\form\UpdateAboutYou.tsx
  61:21  error  Use "@ts-expect-error" instead of "@ts-ignore", as "@ts-ignore" will do nothing if the following line is error-free  @typescript-eslint/ban-ts-comment
  66:23  error  Use "@ts-expect-error" instead of "@ts-ignore", as "@ts-ignore" will do nothing if the following line is error-free  @typescript-eslint/ban-ts-comment

C:\Node.Js\boilerplate\src\app\Modules\public\Auth\screens\ForgetPassword.tsx
  45:5  error  Error: Cannot access variable before it is declared

`controlForm` is accessed before it is declared, which prevents the earlier access from updating when this value changes over time.

C:\Node.Js\boilerplate\src\app\Modules\public\Auth\screens\ForgetPassword.tsx:45:5
  43 |     setAlertType('success')
  44 |     setOpen(true)
> 45 |     controlForm.reset()
     |     ^^^^^^^^^^^ `controlForm` accessed before it is declared
  46 |   }, [])
  47 |
  48 |   const handleForgotPasswordError = useCallback((error: any) => {

C:\Node.Js\boilerplate\src\app\Modules\public\Auth\screens\ForgetPassword.tsx:63:3
  61 |   })
  62 |
> 63 |   const controlForm = useForm<ForgotPasswordRequest>({
     |   ^^^^^^^^^^^^^^^^^^^^^^^^^^^^^^^^^^^^^^^^^^^^^^^^^^^^
> 64 |     defaultValues: DEFAULT_FORM_VALUES,
     | ^^^^^^^^^^^^^^^^^^^^^^^^^^^^^^^^^^^^^^^
> 65 |   })
     | ^^^^^ `controlForm` is declared here
  66 |
  67 |   const onSubmit = useCallback(
  68 |     (data: ForgotPasswordRequest) => {  react-hooks/immutability

C:\Node.Js\boilerplate\src\app\Modules\public\Auth\screens\SignIn.tsx
  96:7  error  Error: Cannot access variable before it is declared

`setStatus` is accessed before it is declared, which prevents the earlier access from updating when this value changes over time.

C:\Node.Js\boilerplate\src\app\Modules\public\Auth\screens\SignIn.tsx:96:7
  94 |
  95 |       // Show success message
> 96 |       setStatus({
     |       ^^^^^^^^^ `setStatus` accessed before it is declared
  97 |         open: true,
  98 |         type: 'success',
  99 |         state: 'success',

C:\Node.Js\boilerplate\src\app\Modules\public\Auth\screens\SignIn.tsx:127:18
  125 |   })
  126 |
> 127 |   const [status, setStatus] = useState<IStatus>({
      |                  ^^^^^^^^^ `setStatus` is declared here
  128 |     open: location.state?.data?.page === 'close-cashier',
  129 |     type: location.state?.data?.type || '',
  130 |     state: location.state?.data?.state || '',  react-hooks/immutability

C:\Node.Js\boilerplate\src\app\Modules\public\Auth\screens\SignUp.tsx
  60:5  error  Error: Cannot access variable before it is declared

`controlForm` is accessed before it is declared, which prevents the earlier access from updating when this value changes over time.

C:\Node.Js\boilerplate\src\app\Modules\public\Auth\screens\SignUp.tsx:60:5
  58 |     setAlertType('success')
  59 |     setOpen(true)
> 60 |     controlForm.reset()
     |     ^^^^^^^^^^^ `controlForm` accessed before it is declared
  61 |   }, [])
  62 |
  63 |   const handleRegisterError = useCallback((error: any) => {

C:\Node.Js\boilerplate\src\app\Modules\public\Auth\screens\SignUp.tsx:76:3
  74 |   })
  75 |
> 76 |   const controlForm = useForm<SignUpFormData>({
     |   ^^^^^^^^^^^^^^^^^^^^^^^^^^^^^^^^^^^^^^^^^^^^^
> 77 |     defaultValues: DEFAULT_FORM_VALUES,
     | ^^^^^^^^^^^^^^^^^^^^^^^^^^^^^^^^^^^^^^^
> 78 |   })
     | ^^^^^ `controlForm` is declared here
  79 |
  80 |   const onSubmit = useCallback(
  81 |     (data: SignUpFormData) => {  react-hooks/immutability

C:\Node.Js\boilerplate\src\app\Modules\public\Auth\screens\Validate.tsx
   2:10  error  'Helmet' is defined but never used. Allowed unused vars must match /^_/u                                      @typescript-eslint/no-unused-vars
  49:39  error  Unsafe usage of optional chaining. If it short-circuits with 'undefined' the evaluation will throw TypeError  no-unsafe-optional-chaining

C:\Node.Js\boilerplate\src\app\Modules\public\Common\hooks\useWorkflowOrchestrator.ts
  254:5  error  'data' is defined but never used. Allowed unused args must match /^_/u  @typescript-eslint/no-unused-vars
  275:9  error  Unexpected lexical declaration in case block                            no-case-declarations
  286:9  error  Unexpected lexical declaration in case block                            no-case-declarations
  297:9  error  Unexpected lexical declaration in case block                            no-case-declarations
  308:9  error  Unexpected lexical declaration in case block                            no-case-declarations
  319:9  error  Unexpected lexical declaration in case block                            no-case-declarations

C:\Node.Js\boilerplate\src\app\Providers.tsx
  72:9  error  'routerFutureConfig' is assigned a value but never used. Allowed unused vars must match /^_/u  @typescript-eslint/no-unused-vars

C:\Node.Js\boilerplate\src\app\assets\svg\Logo.tsx
  11:18  error  'style' is missing in props validation  react/prop-types

C:\Node.Js\boilerplate\src\app\components\Alert.tsx
  4:16  error  Component definition is missing display name  react/display-name

C:\Node.Js\boilerplate\src\app\components\Navbars\Navbar.tsx
  279:26  error  Error: Cannot call impure function during render

`Math.random` is an impure function. Calling an impure function can produce unstable results that update unpredictably when the component happens to re-render. (https://react.dev/reference/rules/components-and-hooks-must-be-pure#components-and-hooks-must-be-idempotent).

C:\Node.Js\boilerplate\src\app\components\Navbars\Navbar.tsx:279:26
  277 |           >
  278 |             {pages?.map((page) => (
> 279 |               <List key={Math.random()} onClick={handleCloseNavMenu}>
      |                          ^^^^^^^^^^^^^ Cannot call impure function
  280 |                 <ListItemButton
  281 |                   key={`${Math.random()}}`}
  282 |                   selected={                                                                                      react-hooks/purity
  281:27  error  Error: Cannot call impure function during render

`Math.random` is an impure function. Calling an impure function can produce unstable results that update unpredictably when the component happens to re-render. (https://react.dev/reference/rules/components-and-hooks-must-be-pure#components-and-hooks-must-be-idempotent).

C:\Node.Js\boilerplate\src\app\components\Navbars\Navbar.tsx:281:27
  279 |               <List key={Math.random()} onClick={handleCloseNavMenu}>
  280 |                 <ListItemButton
> 281 |                   key={`${Math.random()}}`}
      |                           ^^^^^^^^^^^^^ Cannot call impure function
  282 |                   selected={
  283 |                     location.pathname === `/${page?.link}` ||
  284 |                     (page?.link === '' && location.pathname === '/')  react-hooks/purity
  351:24  error  Error: Cannot call impure function during render

`Math.random` is an impure function. Calling an impure function can produce unstable results that update unpredictably when the component happens to re-render. (https://react.dev/reference/rules/components-and-hooks-must-be-pure#components-and-hooks-must-be-idempotent).

C:\Node.Js\boilerplate\src\app\components\Navbars\Navbar.tsx:351:24
  349 |                 <List
  350 |                   // style={{ marginLeft: 5 }}
> 351 |                   key={Math.random()}
      |                        ^^^^^^^^^^^^^ Cannot call impure function
  352 |                   onClick={handleCloseNavMenu}
  353 |                 >
  354 |                   <ListItemButton                                                                                                         react-hooks/purity
  355:29  error  Error: Cannot call impure function during render

`Math.random` is an impure function. Calling an impure function can produce unstable results that update unpredictably when the component happens to re-render. (https://react.dev/reference/rules/components-and-hooks-must-be-pure#components-and-hooks-must-be-idempotent).

C:\Node.Js\boilerplate\src\app\components\Navbars\Navbar.tsx:355:29
  353 |                 >
  354 |                   <ListItemButton
> 355 |                     key={`${Math.random()}}`}
      |                             ^^^^^^^^^^^^^ Cannot call impure function
  356 |                     selected={
  357 |                       location.pathname === `/${page?.link}` ||
  358 |                       (page?.link === '' && location.pathname === '/')                                          react-hooks/purity

C:\Node.Js\boilerplate\src\app\components\PrivateRoute.tsx
  70:3  error  React Hook "React.useEffect" is called conditionally. React Hooks must be called in the exact same order in every component render. Did you accidentally call a React Hook after an early return?  react-hooks/rules-of-hooks

C:\Node.Js\boilerplate\src\app\components\dialogs\OpenDialogOnElementClick.tsx
  26:5  error  Expected an assignment or function call and instead saw an expression  @typescript-eslint/no-unused-expressions

C:\Node.Js\boilerplate\src\app\components\layout\Avatar.tsx
  52:22  error  Component definition is missing display name  react/display-name

C:\Node.Js\boilerplate\src\app\components\layout\shared\LanguageDropdown.tsx
  78:19  error  Error: Cannot access refs during render

React refs are values that are not needed for rendering. Refs should only be accessed outside of render, such as in event handlers or effects. Accessing a ref value (the `current` property) during render can cause your component not to update as expected (https://react.dev/reference/react/useRef).

C:\Node.Js\boilerplate\src\app\components\layout\shared\LanguageDropdown.tsx:78:19
  76 |         disablePortal
  77 |         placement='bottom-start'
> 78 |         anchorEl={anchorRef.current}
     |                   ^^^^^^^^^^^^^^^^^ Cannot access ref value during render
  79 |         sx={{
  80 |           minInlineSize: '160px',
  81 |           marginBlockStart: '0.75rem !important',  react-hooks/refs

C:\Node.Js\boilerplate\src\app\components\layout\shared\ModeDropdown.tsx
  78:19  error  Error: Cannot access refs during render

React refs are values that are not needed for rendering. Refs should only be accessed outside of render, such as in event handlers or effects. Accessing a ref value (the `current` property) during render can cause your component not to update as expected (https://react.dev/reference/react/useRef).

C:\Node.Js\boilerplate\src\app\components\layout\shared\ModeDropdown.tsx:78:19
  76 |         disablePortal
  77 |         placement='bottom-start'
> 78 |         anchorEl={anchorRef.current}
     |                   ^^^^^^^^^^^^^^^^^ Cannot access ref value during render
  79 |         sx={{
  80 |           minInlineSize: '160px',
  81 |           marginBlockStart: '0.75rem !important',  react-hooks/refs

C:\Node.Js\boilerplate\src\app\components\layout\shared\NotificationsDropdown.tsx
  261:19  error  Error: Cannot access refs during render

React refs are values that are not needed for rendering. Refs should only be accessed outside of render, such as in event handlers or effects. Accessing a ref value (the `current` property) during render can cause your component not to update as expected (https://react.dev/reference/react/useRef).

C:\Node.Js\boilerplate\src\app\components\layout\shared\NotificationsDropdown.tsx:261:19
  259 |         disablePortal
  260 |         placement='bottom-end'
> 261 |         anchorEl={anchorRef.current}
      |                   ^^^^^^^^^^^^^^^^^ Cannot access ref value during render
  262 |         {...(isSmallScreen
  263 |           ? {
  264 |               className: 'is-full !mbs-3 z-[1]',  react-hooks/refs

C:\Node.Js\boilerplate\src\app\components\layout\shared\ShortcutsDropdown.tsx
  103:19  error  Error: Cannot access refs during render

React refs are values that are not needed for rendering. Refs should only be accessed outside of render, such as in event handlers or effects. Accessing a ref value (the `current` property) during render can cause your component not to update as expected (https://react.dev/reference/react/useRef).

C:\Node.Js\boilerplate\src\app\components\layout\shared\ShortcutsDropdown.tsx:103:19
  101 |         disablePortal
  102 |         placement='bottom-end'
> 103 |         anchorEl={anchorRef.current}
      |                   ^^^^^^^^^^^^^^^^^ Cannot access ref value during render
  104 |         {...(isSmallScreen
  105 |           ? {
  106 |               className: 'is-full  !mbs-3 z-[1]',  react-hooks/refs

C:\Node.Js\boilerplate\src\app\components\layout\shared\UserDropdown.tsx
   57:5   error  Expected an assignment or function call and instead saw an expression                                                                                                                                                                                                                                                                                                                                                                                                                                                                                                                                                                                                                                                                                               @typescript-eslint/no-unused-expressions
  107:19  error  Error: Cannot access refs during render

React refs are values that are not needed for rendering. Refs should only be accessed outside of render, such as in event handlers or effects. Accessing a ref value (the `current` property) during render can cause your component not to update as expected (https://react.dev/reference/react/useRef).

C:\Node.Js\boilerplate\src\app\components\layout\shared\UserDropdown.tsx:107:19
  105 |         disablePortal
  106 |         placement='bottom-end'
> 107 |         anchorEl={anchorRef.current}
      |                   ^^^^^^^^^^^^^^^^^ Cannot access ref value during render
  108 |         sx={{
  109 |           minInlineSize: '240px',
  110 |           marginBlockStart: '0.75rem !important',  react-hooks/refs

C:\Node.Js\boilerplate\src\app\components\layout\shared\search\SearchResultItem.tsx
  159:26  error  Component definition is missing display name  react/display-name

C:\Node.Js\boilerplate\src\app\components\layout\shared\search\SearchResults.tsx
  44:5  error  Error: Cannot reassign variable after render completes

Reassigning `query` after render has completed can cause inconsistent behavior on subsequent renders. Consider using state instead.

C:\Node.Js\boilerplate\src\app\components\layout\shared\search\SearchResults.tsx:44:5
  42 |   let query: string | undefined
  43 |   useKBar((state) => {
> 44 |     query = state.searchQuery
     |     ^^^^^ Cannot reassign `query` after render completes
  45 |   })
  46 |   const { results, rootActionId } = useMatches()
  47 |  react-hooks/immutability
  82:9  error  Use "@ts-expect-error" instead of "@ts-ignore", as "@ts-ignore" will do nothing if the following line is error-free                                                                                                                                                                                                                                                                                                                                                                                                                      @typescript-eslint/ban-ts-comment

C:\Node.Js\boilerplate\src\app\components\layout\vertical\Navigation.tsx
  70:7  error  Use "@ts-expect-error" instead of "@ts-ignore", as "@ts-ignore" will do nothing if the following line is error-free  @typescript-eslint/ban-ts-comment
  72:9  error  Use "@ts-expect-error" instead of "@ts-ignore", as "@ts-ignore" will do nothing if the following line is error-free  @typescript-eslint/ban-ts-comment
  76:7  error  Use "@ts-expect-error" instead of "@ts-ignore", as "@ts-ignore" will do nothing if the following line is error-free  @typescript-eslint/ban-ts-comment

C:\Node.Js\boilerplate\src\app\components\pwa\InstallPrompt.tsx
  33:7  error  Error: Calling setState synchronously within an effect can trigger cascading renders

Effects are intended to synchronize state between React and external systems such as manually updating the DOM, state management libraries, or other platform APIs. In general, the body of an effect should do one or both of the following:
* Update external systems with the latest state from React.
* Subscribe for updates from some external system, calling setState in a callback function when external state changes.

Calling setState synchronously within an effect body causes cascading renders that can hurt performance, and is not recommended. (https://react.dev/learn/you-might-not-need-an-effect).

C:\Node.Js\boilerplate\src\app\components\pwa\InstallPrompt.tsx:33:7
  31 |     // Check if already installed
  32 |     if (window.matchMedia('(display-mode: standalone)').matches) {
> 33 |       setIsInstalled(true)
     |       ^^^^^^^^^^^^^^ Avoid calling setState() directly within an effect
  34 |       return
  35 |     }
  36 |  react-hooks/set-state-in-effect

C:\Node.Js\boilerplate\src\app\components\pwa\PWAUpdatePrompt.tsx
  38:7  error  Error: Calling setState synchronously within an effect can trigger cascading renders

Effects are intended to synchronize state between React and external systems such as manually updating the DOM, state management libraries, or other platform APIs. In general, the body of an effect should do one or both of the following:
* Update external systems with the latest state from React.
* Subscribe for updates from some external system, calling setState in a callback function when external state changes.

Calling setState synchronously within an effect body causes cascading renders that can hurt performance, and is not recommended. (https://react.dev/learn/you-might-not-need-an-effect).

C:\Node.Js\boilerplate\src\app\components\pwa\PWAUpdatePrompt.tsx:38:7
  36 |   useEffect(() => {
  37 |     if (offlineReady || needRefresh) {
> 38 |       setShowPrompt(true)
     |       ^^^^^^^^^^^^^ Avoid calling setState() directly within an effect
  39 |     }
  40 |   }, [offlineReady, needRefresh])
  41 |  react-hooks/set-state-in-effect

C:\Node.Js\boilerplate\src\app\components\react-table\LocalTable.tsx
  109:21  error  Use the spread operator instead of '.apply()'  prefer-spread

C:\Node.Js\boilerplate\src\app\components\react-table\types.ts
  56:13  error  An interface declaring no members is equivalent to its supertype         @typescript-eslint/no-empty-object-type
  57:13  error  An interface declaring no members is equivalent to its supertype         @typescript-eslint/no-empty-object-type
  58:5   error  'TData' is defined but never used. Allowed unused vars must match /^_/u  @typescript-eslint/no-unused-vars
  60:13  error  An interface declaring no members is equivalent to its supertype         @typescript-eslint/no-empty-object-type
  60:19  error  'TData' is defined but never used. Allowed unused vars must match /^_/u  @typescript-eslint/no-unused-vars
  62:23  error  'TData' is defined but never used. Allowed unused vars must match /^_/u  @typescript-eslint/no-unused-vars

C:\Node.Js\boilerplate\src\app\components\react-table\useSkipper.ts
   5:22  error  Error: Cannot access refs during render

React refs are values that are not needed for rendering. Refs should only be accessed outside of render, such as in event handlers or effects. Accessing a ref value (the `current` property) during render can cause your component not to update as expected (https://react.dev/reference/react/useRef).

C:\Node.Js\boilerplate\src\app\components\react-table\useSkipper.ts:5:22
  3 | export default function useSkipper() {
  4 |   const shouldSkipRef = React.useRef(true)
> 5 |   const shouldSkip = shouldSkipRef.current
    |                      ^^^^^^^^^^^^^^^^^^^^^ Cannot access ref value during render
  6 |
  7 |   // Wrap a function with this to skip a pagination reset temporarily
  8 |   const skip = React.useCallback(() => {  react-hooks/refs
  16:10  error  Error: Cannot access refs during render

React refs are values that are not needed for rendering. Refs should only be accessed outside of render, such as in event handlers or effects. Accessing a ref value (the `current` property) during render can cause your component not to update as expected (https://react.dev/reference/react/useRef).

C:\Node.Js\boilerplate\src\app\components\react-table\useSkipper.ts:16:10
  14 |   })
  15 |
> 16 |   return [shouldSkip, skip] as const
     |          ^^^^^^^^^^^^^^^^^^^^^^^^^^^ Cannot access ref value during render
  17 | }
  18 |                                                                                                                                                                                                       react-hooks/refs

C:\Node.Js\boilerplate\src\app\components\table\Table.tsx
  15:16  error  Component definition is missing display name  react/display-name

C:\Node.Js\boilerplate\src\app\components\table\TableComponent.tsx
  20:13  error  The `Function` type accepts any function-like value.
Prefer explicitly defining any function parameters and return type  @typescript-eslint/no-unsafe-function-type
  31:23  error  Use the spread operator instead of '.apply()'                                                                            prefer-spread

C:\Node.Js\boilerplate\src\app\components\table\Toolbar.tsx
   97:13  error  Missing "key" prop for element in iterator                                                                                                                                                                                                                                                                                                                                                                                                                                                                                                                                                                                                                                                                                                                   react/jsx-key
  178:25  error  Error: Cannot call impure function during render

`Math.random` is an impure function. Calling an impure function can produce unstable results that update unpredictably when the component happens to re-render. (https://react.dev/reference/rules/components-and-hooks-must-be-pure#components-and-hooks-must-be-idempotent).

C:\Node.Js\boilerplate\src\app\components\table\Toolbar.tsx:178:25
  176 |             scrollButtons={false}
  177 |             aria-label='scrollable filter'
> 178 |             key={`Tabs${Math.random()}`}
      |                         ^^^^^^^^^^^^^ Cannot call impure function
  179 |           >
  180 |             {tabs.map((tab: ITabsHeader) => (
  181 |               <Tab                            react-hooks/purity
  182:49  error  Error: Cannot call impure function during render

`Math.random` is an impure function. Calling an impure function can produce unstable results that update unpredictably when the component happens to re-render. (https://react.dev/reference/rules/components-and-hooks-must-be-pure#components-and-hooks-must-be-idempotent).

C:\Node.Js\boilerplate\src\app\components\table\Toolbar.tsx:182:49
  180 |             {tabs.map((tab: ITabsHeader) => (
  181 |               <Tab
> 182 |                 key={`Tab${tab.key.toString()}${Math.random()}`}
      |                                                 ^^^^^^^^^^^^^ Cannot call impure function
  183 |                 label={tab.label}
  184 |               />
  185 |             ))}  react-hooks/purity

C:\Node.Js\boilerplate\src\app\components\table\types.ts
  4:18  error  The `Function` type accepts any function-like value.
Prefer explicitly defining any function parameters and return type  @typescript-eslint/no-unsafe-function-type

C:\Node.Js\boilerplate\src\app\components\theme\types.ts
  184:13  error  An interface declaring no members is equivalent to its supertype  @typescript-eslint/no-empty-object-type

C:\Node.Js\boilerplate\src\app\components\virtualized\VirtualizedTable.tsx
  131:21  error  Use the spread operator instead of '.apply()'  prefer-spread

C:\Node.Js\boilerplate\src\app\middlewares\AuthRoute.tsx
  30:7  error  Error: Calling setState synchronously within an effect can trigger cascading renders

Effects are intended to synchronize state between React and external systems such as manually updating the DOM, state management libraries, or other platform APIs. In general, the body of an effect should do one or both of the following:
* Update external systems with the latest state from React.
* Subscribe for updates from some external system, calling setState in a callback function when external state changes.

Calling setState synchronously within an effect body causes cascading renders that can hurt performance, and is not recommended. (https://react.dev/learn/you-might-not-need-an-effect).

C:\Node.Js\boilerplate\src\app\middlewares\AuthRoute.tsx:30:7
  28 |     // Prevent duplicate session checks (React 18 Strict Mode calls effects twice)
  29 |     if (hasCheckedRef.current) {
> 30 |       setIsChecking(false)
     |       ^^^^^^^^^^^^^ Avoid calling setState() directly within an effect
  31 |       return
  32 |     }
  33 |  react-hooks/set-state-in-effect

C:\Node.Js\boilerplate\src\app\utils\getDictionary.ts
  26:16  error  'error' is defined but never used  @typescript-eslint/no-unused-vars
  47:12  error  'error' is defined but never used  @typescript-eslint/no-unused-vars

C:\Node.Js\boilerplate\src\app\utils\helper.ts
  19:3  error  Use "@ts-expect-error" instead of "@ts-ignore", as "@ts-ignore" will do nothing if the following line is error-free  @typescript-eslint/ban-ts-comment

C:\Node.Js\boilerplate\src\app\utils\types.ts
  30:24  error  The `Function` type accepts any function-like value.
Prefer explicitly defining any function parameters and return type  @typescript-eslint/no-unsafe-function-type
  31:24  error  The `Function` type accepts any function-like value.
Prefer explicitly defining any function parameters and return type  @typescript-eslint/no-unsafe-function-type
  35:11  error  The `Function` type accepts any function-like value.
Prefer explicitly defining any function parameters and return type  @typescript-eslint/no-unsafe-function-type
  36:12  error  The `Function` type accepts any function-like value.
Prefer explicitly defining any function parameters and return type  @typescript-eslint/no-unsafe-function-type
  37:8   error  The `Function` type accepts any function-like value.
Prefer explicitly defining any function parameters and return type  @typescript-eslint/no-unsafe-function-type

C:\Node.Js\boilerplate\src\core\components\mui\Avatar.tsx
  42:22  error  Component definition is missing display name  react/display-name

C:\Node.Js\boilerplate\src\core\components\option-menu\index.tsx
  85:19  error  Error: Cannot access refs during render

React refs are values that are not needed for rendering. Refs should only be accessed outside of render, such as in event handlers or effects. Accessing a ref value (the `current` property) during render can cause your component not to update as expected (https://react.dev/reference/react/useRef).

C:\Node.Js\boilerplate\src\core\components\option-menu\index.tsx:85:19
  83 |       <Popper
  84 |         open={open}
> 85 |         anchorEl={anchorRef.current}
     |                   ^^^^^^^^^^^^^^^^^ Cannot access ref value during render
  86 |         placement={leftAlignMenu ? 'bottom-start' : 'bottom-end'}
  87 |         transition
  88 |         disablePortal  react-hooks/refs

C:\Node.Js\boilerplate\src\core\hooks\useObjectCookie.ts
  11:5  error  Compilation Skipped: Existing memoization could not be preserved

React Compiler has skipped optimizing this component because the existing manual memoization could not be preserved. The inferred dependencies did not match the manually specified dependencies, which could cause the value to change more or less frequently than expected. The inferred dependency was `fallback`, but the source dependencies were [valStr]. Inferred different dependency than source.

C:\Node.Js\boilerplate\src\core\hooks\useObjectCookie.ts:11:5
   9 |
  10 |   const value = React.useMemo<T>(
> 11 |     () => (valStr ? JSON.parse(valStr) : fallback),
     |     ^^^^^^^^^^^^^^^^^^^^^^^^^^^^^^^^^^^^^^^^^^^^^^ Could not preserve existing manual memoization
  12 |     [valStr],
  13 |   )
  14 |  react-hooks/preserve-manual-memoization

C:\Node.Js\boilerplate\src\menu\components\RouterLink.tsx
  10:27  error  Component definition is missing display name  react/display-name

C:\Node.Js\boilerplate\src\menu\components\horizontal-menu\MenuButton.tsx
  66:9  error  Error: Cannot access refs during render

React refs are values that are not needed for rendering. Refs should only be accessed outside of render, such as in event handlers or effects. Accessing a ref value (the `current` property) during render can cause your component not to update as expected (https://react.dev/reference/react/useRef).

C:\Node.Js\boilerplate\src\menu\components\horizontal-menu\MenuButton.tsx:66:9
  64 |       return React.createElement(
  65 |         component,
> 66 |         {
     |         ^
> 67 |           className,
     | ^^^^^^^^^^^^^^^^^^^^
> 68 |           ...rest,
     | ^^^^^^^^^^^^^^^^^^^^
> 69 |           ref,
     | ^^^^^^^^^^^^^^^^^^^^
> 70 |         },
     | ^^^^^^^^^^ Passing a ref to a function may read its value during render
  71 |         children,
  72 |       )
  73 |     } else {  react-hooks/refs

C:\Node.Js\boilerplate\src\menu\components\horizontal-menu\SubMenu.tsx
  245:5  error  Expected an assignment or function call and instead saw an expression  @typescript-eslint/no-unused-expressions

C:\Node.Js\boilerplate\src\menu\components\vertical-menu\MenuButton.tsx
  68:9  error  Error: Cannot access refs during render

React refs are values that are not needed for rendering. Refs should only be accessed outside of render, such as in event handlers or effects. Accessing a ref value (the `current` property) during render can cause your component not to update as expected (https://react.dev/reference/react/useRef).

C:\Node.Js\boilerplate\src\menu\components\vertical-menu\MenuButton.tsx:68:9
  66 |       return React.createElement(
  67 |         component,
> 68 |         {
     |         ^
> 69 |           className,
     | ^^^^^^^^^^^^^^^^^^^^
> 70 |           ...rest,
     | ^^^^^^^^^^^^^^^^^^^^
> 71 |           ref,
     | ^^^^^^^^^^^^^^^^^^^^
> 72 |         },
     | ^^^^^^^^^^ Passing a ref to a function may read its value during render
  73 |         children,
  74 |       )
  75 |     } else {  react-hooks/refs

C:\Node.Js\boilerplate\src\menu\components\vertical-menu\MenuItem.tsx
  152:11  error  Expected an assignment or function call and instead saw an expression  @typescript-eslint/no-unused-expressions

C:\Node.Js\boilerplate\src\menu\components\vertical-menu\NavCollapseIcons.tsx
  37:5  error  Expected an assignment or function call and instead saw an expression  @typescript-eslint/no-unused-expressions
  46:5  error  Expected an assignment or function call and instead saw an expression  @typescript-eslint/no-unused-expressions

C:\Node.Js\boilerplate\src\menu\components\vertical-menu\VerticalNav.tsx
   95:7  error  Expected an assignment or function call and instead saw an expression  @typescript-eslint/no-unused-expressions
  102:7  error  Expected an assignment or function call and instead saw an expression  @typescript-eslint/no-unused-expressions
  103:7  error  Expected an assignment or function call and instead saw an expression  @typescript-eslint/no-unused-expressions

C:\Node.Js\boilerplate\src\menu\contexts\horizontalNavContext.tsx
  47:7  error  A `require()` style import is forbidden  @typescript-eslint/no-require-imports

C:\Node.Js\boilerplate\src\menu\contexts\verticalNavContext.tsx
  58:35  error  A `require()` style import is forbidden  @typescript-eslint/no-require-imports

C:\Node.Js\boilerplate\src\services\api\api.fetch.client.ts
  123:18  error  'e' is defined but never used             @typescript-eslint/no-unused-vars
  300:30  error  'refreshError' is defined but never used  @typescript-eslint/no-unused-vars
  337:18  error  'e' is defined but never used             @typescript-eslint/no-unused-vars

C:\Node.Js\boilerplate\src\services\auth-security.service.ts
  258:27  error  Unnecessary escape character: \[  no-useless-escape
  258:44  error  Unnecessary escape character: \/  no-useless-escape

C:\Node.Js\boilerplate\src\services\hooks\useDeduplicatedRequest.ts
  108:12  error  Error: Expected the dependency list to be an array of simple expressions (e.g. `x`, `x.y.z`, `x?.y?.z`)

Expected the dependency list to be an array of simple expressions (e.g. `x`, `x.y.z`, `x?.y?.z`).

C:\Node.Js\boilerplate\src\services\hooks\useDeduplicatedRequest.ts:108:12
  106 |       }
  107 |     }
> 108 |   }, [url, JSON.stringify(config)])
      |            ^^^^^^^^^^^^^^^^^^^^^^ Expected the dependency list to be an array of simple expressions (e.g. `x`, `x.y.z`, `x?.y?.z`)
  109 |
  110 |   const cancel = useCallback(() => {
  111 |     requestDeduplicator.cancelRequest(config)                           react-hooks/use-memo
  112:12  error  Error: Expected the dependency list to be an array of simple expressions (e.g. `x`, `x.y.z`, `x?.y?.z`)

Expected the dependency list to be an array of simple expressions (e.g. `x`, `x.y.z`, `x?.y?.z`).

C:\Node.Js\boilerplate\src\services\hooks\useDeduplicatedRequest.ts:112:12
  110 |   const cancel = useCallback(() => {
  111 |     requestDeduplicator.cancelRequest(config)
> 112 |   }, [url, JSON.stringify(config)])
      |            ^^^^^^^^^^^^^^^^^^^^^^ Expected the dependency list to be an array of simple expressions (e.g. `x`, `x.y.z`, `x?.y?.z`)
  113 |
  114 |   // Initial fetch
  115 |   useEffect(() => {  react-hooks/use-memo
  201:6   error  Error: Expected the dependency list to be an array of simple expressions (e.g. `x`, `x.y.z`, `x?.y?.z`)

Expected the dependency list to be an array of simple expressions (e.g. `x`, `x.y.z`, `x?.y?.z`).

C:\Node.Js\boilerplate\src\services\hooks\useDeduplicatedRequest.ts:201:6
  199 |       }
  200 |     },
> 201 |     [JSON.stringify(fetchConfig), forceDeduplication, onSuccess, onError]
      |      ^^^^^^^^^^^^^^^^^^^^^^^^^^^ Expected the dependency list to be an array of simple expressions (e.g. `x`, `x.y.z`, `x?.y?.z`)
  202 |   )
  203 |
  204 |   const reset = useCallback(() => {                                 react-hooks/use-memo

C:\Node.Js\boilerplate\src\services\hooks\useSSE.ts
   88:13  error  Error: Cannot access variable before it is declared

`connect` is accessed before it is declared, which prevents the earlier access from updating when this value changes over time.

C:\Node.Js\boilerplate\src\services\hooks\useSSE.ts:88:13
  86 |             eventSource.close()
  87 |             eventSourceRef.current = null
> 88 |             connect()
     |             ^^^^^^^ `connect` accessed before it is declared
  89 |           }, reconnectInterval)
  90 |         } else {
  91 |           eventSource.close()

C:\Node.Js\boilerplate\src\services\hooks\useSSE.ts:62:3
   60 |   const reconnectTimeoutRef = useRef<NodeJS.Timeout>()
   61 |
>  62 |   const connect = useCallback(() => {
      |   ^^^^^^^^^^^^^^^^^^^^^^^^^^^^^^^^^^^
>  63 |     if (eventSourceRef.current) {
      | ^^^^^^^^^^^^^^^^^^^^^^^^^^^^^^^^^
>  64 |       return
      ΓÇª
      | ^^^^^^^^^^^^^^^^^^^^^^^^^^^^^^^^^
> 142 |     }
      | ^^^^^^^^^^^^^^^^^^^^^^^^^^^^^^^^^
> 143 |   }, [endpoint, onOpen, onError, reconnect, reconnectInterval, maxReconnectAttempts])
      | ^^^^^^^^^^^^^^^^^^^^^^^^^^^^^^^^^^^^^^^^^^^^^^^^^^^^^^^^^^^^^^^^^^^^^^^^^^^^^^^^^^^^^^ `connect` is declared here
  144 |
  145 |   const disconnect = useCallback(() => {
  146 |     if (reconnectTimeoutRef.current) {  react-hooks/immutability
  280:7   error  Error: Calling setState synchronously within an effect can trigger cascading renders

Effects are intended to synchronize state between React and external systems such as manually updating the DOM, state management libraries, or other platform APIs. In general, the body of an effect should do one or both of the following:
* Update external systems with the latest state from React.
* Subscribe for updates from some external system, calling setState in a callback function when external state changes.

Calling setState synchronously within an effect body causes cascading renders that can hurt performance, and is not recommended. (https://react.dev/learn/you-might-not-need-an-effect).

C:\Node.Js\boilerplate\src\services\hooks\useSSE.ts:280:7
  278 |   useEffect(() => {
  279 |     if (lastEvent === 'result' && data && 'top_roles' in data) {
> 280 |       setResult(data as AnalysisResult)
      |       ^^^^^^^^^ Avoid calling setState() directly within an effect
  281 |     }
  282 |   }, [lastEvent, data])
  283 |                                                                                                                                                                                                                                                            react-hooks/set-state-in-effect

C:\Node.Js\boilerplate\src\services\hooks\useTabSync.ts
  85:13  error  Error: Cannot access variable before it is declared

`updateConnectedTabs` is accessed before it is declared, which prevents the earlier access from updating when this value changes over time.

C:\Node.Js\boilerplate\src\services\hooks\useTabSync.ts:85:13
  83 |           // Handle heartbeat messages to count tabs
  84 |           if (message.type === '__HEARTBEAT__') {
> 85 |             updateConnectedTabs()
     |             ^^^^^^^^^^^^^^^^^^^ `updateConnectedTabs` accessed before it is declared
  86 |           }
  87 |         }
  88 |       } catch (error) {

C:\Node.Js\boilerplate\src\services\hooks\useTabSync.ts:132:3
  130 |    * Update connected tabs count
  131 |    */
> 132 |   const updateConnectedTabs = useCallback(() => {
      |   ^^^^^^^^^^^^^^^^^^^^^^^^^^^^^^^^^^^^^^^^^^^^^^^
> 133 |     try {
      | ^^^^^^^^^
> 134 |       const tabsData = localStorage.getItem(`${channelName}_tabs`)
      ΓÇª
      | ^^^^^^^^^
> 157 |     }
      | ^^^^^^^^^
> 158 |   }, [channelName])
      | ^^^^^^^^^^^^^^^^^^^^ `updateConnectedTabs` is declared here
  159 |
  160 |   /**
  161 |    * Send heartbeat to track active tabs  react-hooks/immutability

C:\Node.Js\boilerplate\src\services\storage\Session.ts
  110:14  error  'error' is defined but never used  @typescript-eslint/no-unused-vars

C:\Node.Js\boilerplate\src\services\storage\storage.service.ts
  337:14  error  'e' is defined but never used  @typescript-eslint/no-unused-vars

Γ£û 184 problems (184 errors, 0 warnings)

